Archive member included because of file (symbol)

c:/program files (x86)/atmel/atmel studio 6.0/extensions/atmel/avrgcc/3.4.1.95/avrtoolchain/bin/../lib/gcc/avr/4.6.2/avr5\libgcc.a(_udivmodqi4.o)
                              src/uart.o (__udivmodqi4)
c:/program files (x86)/atmel/atmel studio 6.0/extensions/atmel/avrgcc/3.4.1.95/avrtoolchain/bin/../lib/gcc/avr/4.6.2/avr5\libgcc.a(_udivmodsi4.o)
                              src/rtc.o (__udivmodsi4)
c:/program files (x86)/atmel/atmel studio 6.0/extensions/atmel/avrgcc/3.4.1.95/avrtoolchain/bin/../lib/gcc/avr/4.6.2/avr5\libgcc.a(_exit.o)
                              c:/program files (x86)/atmel/atmel studio 6.0/extensions/atmel/avrgcc/3.4.1.95/avrtoolchain/bin/../lib/gcc/avr/4.6.2/../../../../avr/lib/avr5/crtm16a.o (exit)
c:/program files (x86)/atmel/atmel studio 6.0/extensions/atmel/avrgcc/3.4.1.95/avrtoolchain/bin/../lib/gcc/avr/4.6.2/avr5\libgcc.a(_copy_data.o)
                              src/asf/common/services/clock/mega/sysclk.o (__do_copy_data)
c:/program files (x86)/atmel/atmel studio 6.0/extensions/atmel/avrgcc/3.4.1.95/avrtoolchain/bin/../lib/gcc/avr/4.6.2/avr5\libgcc.a(_clear_bss.o)
                              src/asf/common/services/clock/mega/sysclk.o (__do_clear_bss)

Discarded input sections

 .bss           0x00000000        0x0 c:/program files (x86)/atmel/atmel studio 6.0/extensions/atmel/avrgcc/3.4.1.95/avrtoolchain/bin/../lib/gcc/avr/4.6.2/../../../../avr/lib/avr5/crtm16a.o
 .text          0x00000000        0x0 src/asf/common/services/clock/mega/sysclk.o
 .bss           0x00000000        0x0 src/asf/common/services/clock/mega/sysclk.o
 .text.sysclk_enable_module
                0x00000000        0x2 src/asf/common/services/clock/mega/sysclk.o
 .text.sysclk_disable_module
                0x00000000        0x2 src/asf/common/services/clock/mega/sysclk.o
 .text          0x00000000        0x0 src/inputs.o
 .bss           0x00000000        0x0 src/inputs.o
 .text          0x00000000        0x0 src/relays.o
 .bss           0x00000000        0x0 src/relays.o
 .text.relays_get_outputs
                0x00000000        0x6 src/relays.o
 .text          0x00000000        0x0 src/rtc.o
 .bss           0x00000000        0x0 src/rtc.o
 .text          0x00000000        0x0 src/sm.o
 .bss           0x00000000        0x0 src/sm.o
 .text          0x00000000        0x0 src/uart.o
 .bss           0x00000000        0x0 src/uart.o
 .text          0x00000000        0x0 src/main.o
 .bss           0x00000000        0x0 src/main.o
 .text          0x00000000        0x0 c:/program files (x86)/atmel/atmel studio 6.0/extensions/atmel/avrgcc/3.4.1.95/avrtoolchain/bin/../lib/gcc/avr/4.6.2/avr5\libgcc.a(_udivmodqi4.o)
 .bss           0x00000000        0x0 c:/program files (x86)/atmel/atmel studio 6.0/extensions/atmel/avrgcc/3.4.1.95/avrtoolchain/bin/../lib/gcc/avr/4.6.2/avr5\libgcc.a(_udivmodqi4.o)
 .text          0x00000000        0x0 c:/program files (x86)/atmel/atmel studio 6.0/extensions/atmel/avrgcc/3.4.1.95/avrtoolchain/bin/../lib/gcc/avr/4.6.2/avr5\libgcc.a(_udivmodsi4.o)
 .bss           0x00000000        0x0 c:/program files (x86)/atmel/atmel studio 6.0/extensions/atmel/avrgcc/3.4.1.95/avrtoolchain/bin/../lib/gcc/avr/4.6.2/avr5\libgcc.a(_udivmodsi4.o)
 .text          0x00000000        0x0 c:/program files (x86)/atmel/atmel studio 6.0/extensions/atmel/avrgcc/3.4.1.95/avrtoolchain/bin/../lib/gcc/avr/4.6.2/avr5\libgcc.a(_exit.o)
 .bss           0x00000000        0x0 c:/program files (x86)/atmel/atmel studio 6.0/extensions/atmel/avrgcc/3.4.1.95/avrtoolchain/bin/../lib/gcc/avr/4.6.2/avr5\libgcc.a(_exit.o)
 .text.libgcc   0x00000000        0x0 c:/program files (x86)/atmel/atmel studio 6.0/extensions/atmel/avrgcc/3.4.1.95/avrtoolchain/bin/../lib/gcc/avr/4.6.2/avr5\libgcc.a(_exit.o)
 .text          0x00000000        0x0 c:/program files (x86)/atmel/atmel studio 6.0/extensions/atmel/avrgcc/3.4.1.95/avrtoolchain/bin/../lib/gcc/avr/4.6.2/avr5\libgcc.a(_copy_data.o)
 .bss           0x00000000        0x0 c:/program files (x86)/atmel/atmel studio 6.0/extensions/atmel/avrgcc/3.4.1.95/avrtoolchain/bin/../lib/gcc/avr/4.6.2/avr5\libgcc.a(_copy_data.o)
 .text.libgcc   0x00000000        0x0 c:/program files (x86)/atmel/atmel studio 6.0/extensions/atmel/avrgcc/3.4.1.95/avrtoolchain/bin/../lib/gcc/avr/4.6.2/avr5\libgcc.a(_copy_data.o)
 .text          0x00000000        0x0 c:/program files (x86)/atmel/atmel studio 6.0/extensions/atmel/avrgcc/3.4.1.95/avrtoolchain/bin/../lib/gcc/avr/4.6.2/avr5\libgcc.a(_clear_bss.o)
 .bss           0x00000000        0x0 c:/program files (x86)/atmel/atmel studio 6.0/extensions/atmel/avrgcc/3.4.1.95/avrtoolchain/bin/../lib/gcc/avr/4.6.2/avr5\libgcc.a(_clear_bss.o)
 .text.libgcc   0x00000000        0x0 c:/program files (x86)/atmel/atmel studio 6.0/extensions/atmel/avrgcc/3.4.1.95/avrtoolchain/bin/../lib/gcc/avr/4.6.2/avr5\libgcc.a(_clear_bss.o)

Memory Configuration

Name             Origin             Length             Attributes
text             0x00000000         0x00020000         xr
data             0x00800060         0x0000ffa0         rw !x
eeprom           0x00810000         0x00010000         rw !x
fuse             0x00820000         0x00000400         rw !x
lock             0x00830000         0x00000400         rw !x
signature        0x00840000         0x00000400         rw !x
*default*        0x00000000         0xffffffff

Linker script and memory map

LOAD c:/program files (x86)/atmel/atmel studio 6.0/extensions/atmel/avrgcc/3.4.1.95/avrtoolchain/bin/../lib/gcc/avr/4.6.2/../../../../avr/lib/avr5/crtm16a.o
LOAD src/asf/common/services/clock/mega/sysclk.o
LOAD src/inputs.o
LOAD src/relays.o
LOAD src/rtc.o
LOAD src/sm.o
LOAD src/uart.o
LOAD src/main.o
START GROUP
END GROUP
LOAD c:/program files (x86)/atmel/atmel studio 6.0/extensions/atmel/avrgcc/3.4.1.95/avrtoolchain/bin/../lib/gcc/avr/4.6.2/avr5\libgcc.a
LOAD c:/program files (x86)/atmel/atmel studio 6.0/extensions/atmel/avrgcc/3.4.1.95/avrtoolchain/bin/../lib/gcc/avr/4.6.2/../../../../avr/lib/avr5\libc.a
LOAD c:/program files (x86)/atmel/atmel studio 6.0/extensions/atmel/avrgcc/3.4.1.95/avrtoolchain/bin/../lib/gcc/avr/4.6.2/avr5\libgcc.a

.hash
 *(.hash)

.dynsym
 *(.dynsym)

.dynstr
 *(.dynstr)

.gnu.version
 *(.gnu.version)

.gnu.version_d
 *(.gnu.version_d)

.gnu.version_r
 *(.gnu.version_r)

.rel.init
 *(.rel.init)

.rela.init
 *(.rela.init)

.rel.text
 *(.rel.text)
 *(.rel.text.*)
 *(.rel.gnu.linkonce.t*)

.rela.text
 *(.rela.text)
 *(.rela.text.*)
 *(.rela.gnu.linkonce.t*)

.rel.fini
 *(.rel.fini)

.rela.fini
 *(.rela.fini)

.rel.rodata
 *(.rel.rodata)
 *(.rel.rodata.*)
 *(.rel.gnu.linkonce.r*)

.rela.rodata
 *(.rela.rodata)
 *(.rela.rodata.*)
 *(.rela.gnu.linkonce.r*)

.rel.data
 *(.rel.data)
 *(.rel.data.*)
 *(.rel.gnu.linkonce.d*)

.rela.data
 *(.rela.data)
 *(.rela.data.*)
 *(.rela.gnu.linkonce.d*)

.rel.ctors
 *(.rel.ctors)

.rela.ctors
 *(.rela.ctors)

.rel.dtors
 *(.rel.dtors)

.rela.dtors
 *(.rela.dtors)

.rel.got
 *(.rel.got)

.rela.got
 *(.rela.got)

.rel.bss
 *(.rel.bss)

.rela.bss
 *(.rela.bss)

.rel.plt
 *(.rel.plt)

.rela.plt
 *(.rela.plt)

.text           0x00000000      0x814
 *(.vectors)
 .vectors       0x00000000       0x54 c:/program files (x86)/atmel/atmel studio 6.0/extensions/atmel/avrgcc/3.4.1.95/avrtoolchain/bin/../lib/gcc/avr/4.6.2/../../../../avr/lib/avr5/crtm16a.o
                0x00000000                __vector_default
                0x00000000                __vectors
 *(.vectors)
 *(.progmem.gcc*)
 *(.progmem*)
                0x00000054                . = ALIGN (0x2)
                0x00000054                __trampolines_start = .
 *(.trampolines)
 .trampolines   0x00000054        0x0 linker stubs
 *(.trampolines*)
                0x00000054                __trampolines_end = .
 *(.jumptables)
 *(.jumptables*)
 *(.lowtext)
 *(.lowtext*)
                0x00000054                __ctors_start = .
 *(.ctors)
                0x00000054                __ctors_end = .
                0x00000054                __dtors_start = .
 *(.dtors)
                0x00000054                __dtors_end = .
 SORT(*)(.ctors)
 SORT(*)(.dtors)
 *(.init0)
 .init0         0x00000054        0x0 c:/program files (x86)/atmel/atmel studio 6.0/extensions/atmel/avrgcc/3.4.1.95/avrtoolchain/bin/../lib/gcc/avr/4.6.2/../../../../avr/lib/avr5/crtm16a.o
                0x00000054                __init
 *(.init0)
 *(.init1)
 *(.init1)
 *(.init2)
 .init2         0x00000054        0xc c:/program files (x86)/atmel/atmel studio 6.0/extensions/atmel/avrgcc/3.4.1.95/avrtoolchain/bin/../lib/gcc/avr/4.6.2/../../../../avr/lib/avr5/crtm16a.o
 *(.init2)
 *(.init3)
 *(.init3)
 *(.init4)
 .init4         0x00000060       0x16 c:/program files (x86)/atmel/atmel studio 6.0/extensions/atmel/avrgcc/3.4.1.95/avrtoolchain/bin/../lib/gcc/avr/4.6.2/avr5\libgcc.a(_copy_data.o)
                0x00000060                __do_copy_data
 .init4         0x00000076       0x10 c:/program files (x86)/atmel/atmel studio 6.0/extensions/atmel/avrgcc/3.4.1.95/avrtoolchain/bin/../lib/gcc/avr/4.6.2/avr5\libgcc.a(_clear_bss.o)
                0x00000076                __do_clear_bss
 *(.init4)
 *(.init5)
 *(.init5)
 *(.init6)
 *(.init6)
 *(.init7)
 *(.init7)
 *(.init8)
 *(.init8)
 *(.init9)
 .init9         0x00000086        0x4 c:/program files (x86)/atmel/atmel studio 6.0/extensions/atmel/avrgcc/3.4.1.95/avrtoolchain/bin/../lib/gcc/avr/4.6.2/../../../../avr/lib/avr5/crtm16a.o
 *(.init9)
 *(.text)
 .text          0x0000008a        0x2 c:/program files (x86)/atmel/atmel studio 6.0/extensions/atmel/avrgcc/3.4.1.95/avrtoolchain/bin/../lib/gcc/avr/4.6.2/../../../../avr/lib/avr5/crtm16a.o
                0x0000008a                __vector_1
                0x0000008a                __vector_12
                0x0000008a                __bad_interrupt
                0x0000008a                __vector_6
                0x0000008a                __vector_11
                0x0000008a                __vector_13
                0x0000008a                __vector_17
                0x0000008a                __vector_19
                0x0000008a                __vector_7
                0x0000008a                __vector_5
                0x0000008a                __vector_4
                0x0000008a                __vector_9
                0x0000008a                __vector_2
                0x0000008a                __vector_15
                0x0000008a                __vector_8
                0x0000008a                __vector_14
                0x0000008a                __vector_10
                0x0000008a                __vector_16
                0x0000008a                __vector_18
                0x0000008a                __vector_20
                0x0000008c                . = ALIGN (0x2)
 *(.text.*)
 .text.sysclk_init
                0x0000008c        0x2 src/asf/common/services/clock/mega/sysclk.o
                0x0000008c                sysclk_init
 .text.inputs_init
                0x0000008e       0x46 src/inputs.o
                0x0000008e                inputs_init
 .text.inputs_get_value
                0x000000d4       0x14 src/inputs.o
                0x000000d4                inputs_get_value
 .text.inputs_service
                0x000000e8      0x168 src/inputs.o
                0x000000e8                inputs_service
 .text.inputs_get_status
                0x00000250        0xe src/inputs.o
                0x00000250                inputs_get_status
 .text.relays_set_outputs
                0x0000025e       0x1c src/relays.o
                0x0000025e                relays_set_outputs
 .text.relays_set_channel
                0x0000027a       0x36 src/relays.o
                0x0000027a                relays_set_channel
 .text.relays_clr_channel
                0x000002b0       0x20 src/relays.o
                0x000002b0                relays_clr_channel
 .text.relays_init
                0x000002d0        0xa src/relays.o
                0x000002d0                relays_init
 .text.relays_toggle_run
                0x000002da       0x1a src/relays.o
                0x000002da                relays_toggle_run
 .text.__vector_3
                0x000002f4       0x54 src/rtc.o
                0x000002f4                __vector_3
 .text.rtc_init
                0x00000348       0x1c src/rtc.o
                0x00000348                rtc_init
 .text.rtc_start
                0x00000364       0x10 src/rtc.o
                0x00000364                rtc_start
 .text.rtc_service
                0x00000374       0xc0 src/rtc.o
                0x00000374                rtc_service
 .text.sm_init  0x00000434       0x20 src/sm.o
                0x00000434                sm_init
 .text.sm_service
                0x00000454      0x21e src/sm.o
                0x00000454                sm_service
 .text.uart_init
                0x00000672       0x5c src/uart.o
                0x00000672                uart_init
 .text.uart_write_char
                0x000006ce        0x8 src/uart.o
                0x000006ce                uart_write_char
 .text.uart_write_string
                0x000006d6       0x1c src/uart.o
                0x000006d6                uart_write_string
 .text.uart_print_byte
                0x000006f2       0x44 src/uart.o
                0x000006f2                uart_print_byte
 .text.uart_print_byte_hex
                0x00000736       0x40 src/uart.o
                0x00000736                uart_print_byte_hex
 .text.main     0x00000776       0x3e src/main.o
                0x00000776                main
 .text.libgcc   0x000007b4       0x18 c:/program files (x86)/atmel/atmel studio 6.0/extensions/atmel/avrgcc/3.4.1.95/avrtoolchain/bin/../lib/gcc/avr/4.6.2/avr5\libgcc.a(_udivmodqi4.o)
                0x000007b4                __udivmodqi4
 .text.libgcc   0x000007cc       0x44 c:/program files (x86)/atmel/atmel studio 6.0/extensions/atmel/avrgcc/3.4.1.95/avrtoolchain/bin/../lib/gcc/avr/4.6.2/avr5\libgcc.a(_udivmodsi4.o)
                0x000007cc                __udivmodsi4
                0x00000810                . = ALIGN (0x2)
 *(.fini9)
 .fini9         0x00000810        0x0 c:/program files (x86)/atmel/atmel studio 6.0/extensions/atmel/avrgcc/3.4.1.95/avrtoolchain/bin/../lib/gcc/avr/4.6.2/avr5\libgcc.a(_exit.o)
                0x00000810                _exit
                0x00000810                exit
 *(.fini9)
 *(.fini8)
 *(.fini8)
 *(.fini7)
 *(.fini7)
 *(.fini6)
 *(.fini6)
 *(.fini5)
 *(.fini5)
 *(.fini4)
 *(.fini4)
 *(.fini3)
 *(.fini3)
 *(.fini2)
 *(.fini2)
 *(.fini1)
 *(.fini1)
 *(.fini0)
 .fini0         0x00000810        0x4 c:/program files (x86)/atmel/atmel studio 6.0/extensions/atmel/avrgcc/3.4.1.95/avrtoolchain/bin/../lib/gcc/avr/4.6.2/avr5\libgcc.a(_exit.o)
 *(.fini0)
                0x00000814                _etext = .

.data           0x00800060       0xaa load address 0x00000814
                0x00800060                PROVIDE (__data_start, .)
 *(.data)
 .data          0x00800060        0x0 c:/program files (x86)/atmel/atmel studio 6.0/extensions/atmel/avrgcc/3.4.1.95/avrtoolchain/bin/../lib/gcc/avr/4.6.2/../../../../avr/lib/avr5/crtm16a.o
 .data          0x00800060        0x0 src/asf/common/services/clock/mega/sysclk.o
 .data          0x00800060       0x21 src/inputs.o
 .data          0x00800081        0xf src/relays.o
 .data          0x00800090        0x0 src/rtc.o
 .data          0x00800090       0x1a src/sm.o
 .data          0x008000aa        0x0 src/uart.o
 .data          0x008000aa       0x4f src/main.o
 .data          0x008000f9        0x0 c:/program files (x86)/atmel/atmel studio 6.0/extensions/atmel/avrgcc/3.4.1.95/avrtoolchain/bin/../lib/gcc/avr/4.6.2/avr5\libgcc.a(_udivmodqi4.o)
 .data          0x008000f9        0x0 c:/program files (x86)/atmel/atmel studio 6.0/extensions/atmel/avrgcc/3.4.1.95/avrtoolchain/bin/../lib/gcc/avr/4.6.2/avr5\libgcc.a(_udivmodsi4.o)
 .data          0x008000f9        0x0 c:/program files (x86)/atmel/atmel studio 6.0/extensions/atmel/avrgcc/3.4.1.95/avrtoolchain/bin/../lib/gcc/avr/4.6.2/avr5\libgcc.a(_exit.o)
 .data          0x008000f9        0x0 c:/program files (x86)/atmel/atmel studio 6.0/extensions/atmel/avrgcc/3.4.1.95/avrtoolchain/bin/../lib/gcc/avr/4.6.2/avr5\libgcc.a(_copy_data.o)
 .data          0x008000f9        0x0 c:/program files (x86)/atmel/atmel studio 6.0/extensions/atmel/avrgcc/3.4.1.95/avrtoolchain/bin/../lib/gcc/avr/4.6.2/avr5\libgcc.a(_clear_bss.o)
 *(.data*)
 *(.rodata)
 *(.rodata*)
 .rodata.HEX_DIGITS
                0x008000f9       0x10 src/uart.o
 *(.gnu.linkonce.d*)
                0x0080010a                . = ALIGN (0x2)
 *fill*         0x00800109        0x1 00
                0x0080010a                _edata = .
                0x0080010a                PROVIDE (__data_end, .)

.bss            0x0080010a       0x1e
                0x0080010a                PROVIDE (__bss_start, .)
 *(.bss)
 *(.bss*)
 .bss.input_status
                0x0080010a        0x1 src/inputs.o
 .bss.input_timers
                0x0080010b       0x10 src/inputs.o
 .bss.relays    0x0080011b        0x1 src/relays.o
 .bss.rtc_events
                0x0080011c        0x1 src/rtc.o
 .bss.rtc_ticks
                0x0080011d        0x4 src/rtc.o
 .bss.sm_state  0x00800121        0x1 src/sm.o
 .bss.sm_timer  0x00800122        0x2 src/sm.o
 .bss.sm_timeout
                0x00800124        0x2 src/sm.o
 .bss.sm_light_timer
                0x00800126        0x2 src/sm.o
 *(COMMON)
                0x00800128                PROVIDE (__bss_end, .)
                0x00000814                __data_load_start = LOADADDR (.data)
                0x000008be                __data_load_end = (__data_load_start + SIZEOF (.data))

.noinit         0x00800128        0x0
                0x00800128                PROVIDE (__noinit_start, .)
 *(.noinit*)
                0x00800128                PROVIDE (__noinit_end, .)
                0x00800128                _end = .
                0x00800128                PROVIDE (__heap_start, .)

.eeprom         0x00810000        0x0
 *(.eeprom*)
                0x00810000                __eeprom_end = .

.fuse
 *(.fuse)
 *(.lfuse)
 *(.hfuse)
 *(.efuse)

.lock
 *(.lock*)

.signature
 *(.signature*)

.stab           0x00000000      0x6cc
 *(.stab)
 .stab          0x00000000      0x6cc c:/program files (x86)/atmel/atmel studio 6.0/extensions/atmel/avrgcc/3.4.1.95/avrtoolchain/bin/../lib/gcc/avr/4.6.2/../../../../avr/lib/avr5/crtm16a.o

.stabstr        0x00000000       0x85
 *(.stabstr)
 .stabstr       0x00000000       0x85 c:/program files (x86)/atmel/atmel studio 6.0/extensions/atmel/avrgcc/3.4.1.95/avrtoolchain/bin/../lib/gcc/avr/4.6.2/../../../../avr/lib/avr5/crtm16a.o

.stab.excl
 *(.stab.excl)

.stab.exclstr
 *(.stab.exclstr)

.stab.index
 *(.stab.index)

.stab.indexstr
 *(.stab.indexstr)

.comment
 *(.comment)

.debug
 *(.debug)

.line
 *(.line)

.debug_srcinfo
 *(.debug_srcinfo)

.debug_sfnames
 *(.debug_sfnames)

.debug_aranges  0x00000000      0x210
 *(.debug_aranges)
 .debug_aranges
                0x00000000       0x30 src/asf/common/services/clock/mega/sysclk.o
 .debug_aranges
                0x00000030       0x38 src/inputs.o
 .debug_aranges
                0x00000068       0x48 src/relays.o
 .debug_aranges
                0x000000b0       0x38 src/rtc.o
 .debug_aranges
                0x000000e8       0x28 src/sm.o
 .debug_aranges
                0x00000110       0x40 src/uart.o
 .debug_aranges
                0x00000150       0x20 src/main.o
 .debug_aranges
                0x00000170       0x20 c:/program files (x86)/atmel/atmel studio 6.0/extensions/atmel/avrgcc/3.4.1.95/avrtoolchain/bin/../lib/gcc/avr/4.6.2/avr5\libgcc.a(_udivmodqi4.o)
 .debug_aranges
                0x00000190       0x20 c:/program files (x86)/atmel/atmel studio 6.0/extensions/atmel/avrgcc/3.4.1.95/avrtoolchain/bin/../lib/gcc/avr/4.6.2/avr5\libgcc.a(_udivmodsi4.o)
 .debug_aranges
                0x000001b0       0x20 c:/program files (x86)/atmel/atmel studio 6.0/extensions/atmel/avrgcc/3.4.1.95/avrtoolchain/bin/../lib/gcc/avr/4.6.2/avr5\libgcc.a(_exit.o)
 .debug_aranges
                0x000001d0       0x20 c:/program files (x86)/atmel/atmel studio 6.0/extensions/atmel/avrgcc/3.4.1.95/avrtoolchain/bin/../lib/gcc/avr/4.6.2/avr5\libgcc.a(_copy_data.o)
 .debug_aranges
                0x000001f0       0x20 c:/program files (x86)/atmel/atmel studio 6.0/extensions/atmel/avrgcc/3.4.1.95/avrtoolchain/bin/../lib/gcc/avr/4.6.2/avr5\libgcc.a(_clear_bss.o)

.debug_pubnames
 *(.debug_pubnames)

.debug_info     0x00000000      0xf69
 *(.debug_info)
 .debug_info    0x00000000      0x105 src/asf/common/services/clock/mega/sysclk.o
 .debug_info    0x00000105      0x18b src/inputs.o
 .debug_info    0x00000290      0x166 src/relays.o
 .debug_info    0x000003f6      0x124 src/rtc.o
 .debug_info    0x0000051a      0x35e src/sm.o
 .debug_info    0x00000878      0x1fd src/uart.o
 .debug_info    0x00000a75       0xa3 src/main.o
 .debug_info    0x00000b18       0xdd c:/program files (x86)/atmel/atmel studio 6.0/extensions/atmel/avrgcc/3.4.1.95/avrtoolchain/bin/../lib/gcc/avr/4.6.2/avr5\libgcc.a(_udivmodqi4.o)
 .debug_info    0x00000bf5       0xdd c:/program files (x86)/atmel/atmel studio 6.0/extensions/atmel/avrgcc/3.4.1.95/avrtoolchain/bin/../lib/gcc/avr/4.6.2/avr5\libgcc.a(_udivmodsi4.o)
 .debug_info    0x00000cd2       0xdd c:/program files (x86)/atmel/atmel studio 6.0/extensions/atmel/avrgcc/3.4.1.95/avrtoolchain/bin/../lib/gcc/avr/4.6.2/avr5\libgcc.a(_exit.o)
 .debug_info    0x00000daf       0xdd c:/program files (x86)/atmel/atmel studio 6.0/extensions/atmel/avrgcc/3.4.1.95/avrtoolchain/bin/../lib/gcc/avr/4.6.2/avr5\libgcc.a(_copy_data.o)
 .debug_info    0x00000e8c       0xdd c:/program files (x86)/atmel/atmel studio 6.0/extensions/atmel/avrgcc/3.4.1.95/avrtoolchain/bin/../lib/gcc/avr/4.6.2/avr5\libgcc.a(_clear_bss.o)
 *(.gnu.linkonce.wi.*)

.debug_abbrev   0x00000000      0x610
 *(.debug_abbrev)
 .debug_abbrev  0x00000000       0xb2 src/asf/common/services/clock/mega/sysclk.o
 .debug_abbrev  0x000000b2       0xd0 src/inputs.o
 .debug_abbrev  0x00000182       0xe2 src/relays.o
 .debug_abbrev  0x00000264       0x9d src/rtc.o
 .debug_abbrev  0x00000301      0x134 src/sm.o
 .debug_abbrev  0x00000435      0x107 src/uart.o
 .debug_abbrev  0x0000053c       0x70 src/main.o
 .debug_abbrev  0x000005ac       0x14 c:/program files (x86)/atmel/atmel studio 6.0/extensions/atmel/avrgcc/3.4.1.95/avrtoolchain/bin/../lib/gcc/avr/4.6.2/avr5\libgcc.a(_udivmodqi4.o)
 .debug_abbrev  0x000005c0       0x14 c:/program files (x86)/atmel/atmel studio 6.0/extensions/atmel/avrgcc/3.4.1.95/avrtoolchain/bin/../lib/gcc/avr/4.6.2/avr5\libgcc.a(_udivmodsi4.o)
 .debug_abbrev  0x000005d4       0x14 c:/program files (x86)/atmel/atmel studio 6.0/extensions/atmel/avrgcc/3.4.1.95/avrtoolchain/bin/../lib/gcc/avr/4.6.2/avr5\libgcc.a(_exit.o)
 .debug_abbrev  0x000005e8       0x14 c:/program files (x86)/atmel/atmel studio 6.0/extensions/atmel/avrgcc/3.4.1.95/avrtoolchain/bin/../lib/gcc/avr/4.6.2/avr5\libgcc.a(_copy_data.o)
 .debug_abbrev  0x000005fc       0x14 c:/program files (x86)/atmel/atmel studio 6.0/extensions/atmel/avrgcc/3.4.1.95/avrtoolchain/bin/../lib/gcc/avr/4.6.2/avr5\libgcc.a(_clear_bss.o)

.debug_line     0x00000000     0x28d2
 *(.debug_line)
 .debug_line    0x00000000      0x3dd src/asf/common/services/clock/mega/sysclk.o
 .debug_line    0x000003dd      0x5a5 src/inputs.o
 .debug_line    0x00000982      0x5b4 src/relays.o
 .debug_line    0x00000f36      0x5aa src/rtc.o
 .debug_line    0x000014e0      0x603 src/sm.o
 .debug_line    0x00001ae3      0x595 src/uart.o
 .debug_line    0x00002078      0x579 src/main.o
 .debug_line    0x000025f1       0x92 c:/program files (x86)/atmel/atmel studio 6.0/extensions/atmel/avrgcc/3.4.1.95/avrtoolchain/bin/../lib/gcc/avr/4.6.2/avr5\libgcc.a(_udivmodqi4.o)
 .debug_line    0x00002683       0xa8 c:/program files (x86)/atmel/atmel studio 6.0/extensions/atmel/avrgcc/3.4.1.95/avrtoolchain/bin/../lib/gcc/avr/4.6.2/avr5\libgcc.a(_udivmodsi4.o)
 .debug_line    0x0000272b       0x88 c:/program files (x86)/atmel/atmel studio 6.0/extensions/atmel/avrgcc/3.4.1.95/avrtoolchain/bin/../lib/gcc/avr/4.6.2/avr5\libgcc.a(_exit.o)
 .debug_line    0x000027b3       0x91 c:/program files (x86)/atmel/atmel studio 6.0/extensions/atmel/avrgcc/3.4.1.95/avrtoolchain/bin/../lib/gcc/avr/4.6.2/avr5\libgcc.a(_copy_data.o)
 .debug_line    0x00002844       0x8e c:/program files (x86)/atmel/atmel studio 6.0/extensions/atmel/avrgcc/3.4.1.95/avrtoolchain/bin/../lib/gcc/avr/4.6.2/avr5\libgcc.a(_clear_bss.o)

.debug_frame    0x00000000      0x29c
 *(.debug_frame)
 .debug_frame   0x00000000       0x44 src/asf/common/services/clock/mega/sysclk.o
 .debug_frame   0x00000044       0x64 src/inputs.o
 .debug_frame   0x000000a8       0x84 src/relays.o
 .debug_frame   0x0000012c       0x74 src/rtc.o
 .debug_frame   0x000001a0       0x3c src/sm.o
 .debug_frame   0x000001dc       0x9c src/uart.o
 .debug_frame   0x00000278       0x24 src/main.o

.debug_str      0x00000000      0x43a
 *(.debug_str)
 .debug_str     0x00000000      0x108 src/asf/common/services/clock/mega/sysclk.o
                                0x13c (size before relaxing)
 .debug_str     0x00000108       0x71 src/inputs.o
                                0x12c (size before relaxing)
 .debug_str     0x00000179       0x87 src/relays.o
                                0x142 (size before relaxing)
 .debug_str     0x00000200       0x95 src/rtc.o
                                0x14a (size before relaxing)
 .debug_str     0x00000295      0x116 src/sm.o
                                0x1da (size before relaxing)
 .debug_str     0x000003ab       0x72 src/uart.o
                                0x17e (size before relaxing)
 .debug_str     0x0000041d       0x1d src/main.o
                                 0xd2 (size before relaxing)

.debug_loc      0x00000000      0x69c
 *(.debug_loc)
 .debug_loc     0x00000000      0x16a src/inputs.o
 .debug_loc     0x0000016a       0xe8 src/relays.o
 .debug_loc     0x00000252       0x63 src/rtc.o
 .debug_loc     0x000002b5      0x228 src/sm.o
 .debug_loc     0x000004dd      0x1bf src/uart.o

.debug_macinfo  0x00000000    0x4fc8d
 *(.debug_macinfo)
 .debug_macinfo
                0x00000000     0xaf3d src/asf/common/services/clock/mega/sysclk.o
 .debug_macinfo
                0x0000af3d     0xb7a2 src/inputs.o
 .debug_macinfo
                0x000166df     0xb6a7 src/relays.o
 .debug_macinfo
                0x00021d86     0xb7c3 src/rtc.o
 .debug_macinfo
                0x0002d549     0xb8d4 src/sm.o
 .debug_macinfo
                0x00038e1d     0xb6bd src/uart.o
 .debug_macinfo
                0x000444da     0xb7b3 src/main.o
OUTPUT(GARAGEDOOR.elf elf32-avr)
LOAD linker stubs

.debug_ranges   0x00000000      0x118
 .debug_ranges  0x00000000       0x20 src/asf/common/services/clock/mega/sysclk.o
 .debug_ranges  0x00000020       0x28 src/inputs.o
 .debug_ranges  0x00000048       0x38 src/relays.o
 .debug_ranges  0x00000080       0x28 src/rtc.o
 .debug_ranges  0x000000a8       0x30 src/sm.o
 .debug_ranges  0x000000d8       0x30 src/uart.o
 .debug_ranges  0x00000108       0x10 src/main.o
